 color

 Timestamp is 62150860 (Tue Feb 22 16:59:28 2022)

 Preferred load address is 00400000

 Start         Length     Name                   Class
 0001:00000000 0000552cH .text                   CODE
 0002:00000000 0000008cH .idata$5                DATA
 0002:0000008c 00000020H .rdata                  DATA
 0002:000000ac 0000003cH .idata$2                DATA
 0002:000000e8 00000014H .idata$3                DATA
 0002:000000fc 0000008cH .idata$4                DATA
 0002:00000188 0000023aH .idata$6                DATA
 0002:000003c2 00000000H .edata                  DATA
 0003:00000000 00004694H _STACK                  DATA
 0004:00000000 000000a0H .rsrc$01                DATA
 0004:000000a0 00000300H .rsrc$02                DATA

  Address         Publics by Value              Rva+Base     Lib:Object

 0001:000001a4       _wnd_proc@16               004011a4 f   color.obj
 0001:00000532       __start                    00401532     color.obj
 0001:0000546c       _ExitProcess@4             0040646c f   kernel32:KERNEL32.dll
 0001:00005472       _GetLastError@0            00406472 f   kernel32:KERNEL32.dll
 0001:00005478       _GetModuleHandleA@4        00406478 f   kernel32:KERNEL32.dll
 0001:0000547e       _CloseHandle@4             0040647e f   kernel32:KERNEL32.dll
 0001:00005484       _CreateFileA@28            00406484 f   kernel32:KERNEL32.dll
 0001:0000548a       _CreateFileMappingA@24     0040648a f   kernel32:KERNEL32.dll
 0001:00005490       _MapViewOfFile@20          00406490 f   kernel32:KERNEL32.dll
 0001:00005496       _UnmapViewOfFile@4         00406496 f   kernel32:KERNEL32.dll
 0001:0000549c       _VirtualAlloc@16           0040649c f   kernel32:KERNEL32.dll
 0001:000054a2       _LoadLibraryA@4            004064a2 f   kernel32:KERNEL32.dll
 0001:000054a8       _GetProcAddress@8          004064a8 f   kernel32:KERNEL32.dll
 0001:000054ae       _OutputDebugStringA@4      004064ae f   kernel32:KERNEL32.dll
 0001:000054b4       _CreateCompatibleDC@4      004064b4 f   gdi32:GDI32.dll
 0001:000054ba       _CreateDIBSection@24       004064ba f   gdi32:GDI32.dll
 0001:000054c0       _StretchDIBits@52          004064c0 f   gdi32:GDI32.dll
 0001:000054c6       _GetAsyncKeyState@4        004064c6 f   user32:USER32.dll
 0001:000054cc       _GetKeyState@4             004064cc f   user32:USER32.dll
 0001:000054d2       _MapVirtualKeyA@8          004064d2 f   user32:USER32.dll
 0001:000054d8       _RegisterClassExA@4        004064d8 f   user32:USER32.dll
 0001:000054de       _CreateWindowExA@48        004064de f   user32:USER32.dll
 0001:000054e4       _ShowWindow@8              004064e4 f   user32:USER32.dll
 0001:000054ea       _UpdateWindow@4            004064ea f   user32:USER32.dll
 0001:000054f0       _DefWindowProcA@16         004064f0 f   user32:USER32.dll
 0001:000054f6       _GetDC@4                   004064f6 f   user32:USER32.dll
 0001:000054fc       _LoadIconA@8               004064fc f   user32:USER32.dll
 0001:00005502       _LoadCursorA@8             00406502 f   user32:USER32.dll
 0001:00005508       _BeginPaint@8              00406508 f   user32:USER32.dll
 0001:0000550e       _EndPaint@8                0040650e f   user32:USER32.dll
 0001:00005514       _InvalidateRect@12         00406514 f   user32:USER32.dll
 0001:0000551a       _GetMessageA@16            0040651a f   user32:USER32.dll
 0001:00005520       _TranslateMessage@4        00406520 f   user32:USER32.dll
 0001:00005526       _DispatchMessageA@4        00406526 f   user32:USER32.dll
 0002:00000000       __imp__CreateDIBSection@24 00407000     gdi32:GDI32.dll
 0002:00000004       __imp__CreateCompatibleDC@4 00407004     gdi32:GDI32.dll
 0002:00000008       __imp__StretchDIBits@52    00407008     gdi32:GDI32.dll
 0002:0000000c       \177GDI32_NULL_THUNK_DATA  0040700c     gdi32:GDI32.dll
 0002:00000010       __imp__CreateFileA@28      00407010     kernel32:KERNEL32.dll
 0002:00000014       __imp__CreateFileMappingA@24 00407014     kernel32:KERNEL32.dll
 0002:00000018       __imp__MapViewOfFile@20    00407018     kernel32:KERNEL32.dll
 0002:0000001c       __imp__UnmapViewOfFile@4   0040701c     kernel32:KERNEL32.dll
 0002:00000020       __imp__CloseHandle@4       00407020     kernel32:KERNEL32.dll
 0002:00000024       __imp__LoadLibraryA@4      00407024     kernel32:KERNEL32.dll
 0002:00000028       __imp__GetProcAddress@8    00407028     kernel32:KERNEL32.dll
 0002:0000002c       __imp__OutputDebugStringA@4 0040702c     kernel32:KERNEL32.dll
 0002:00000030       __imp__GetModuleHandleA@4  00407030     kernel32:KERNEL32.dll
 0002:00000034       __imp__GetLastError@0      00407034     kernel32:KERNEL32.dll
 0002:00000038       __imp__VirtualAlloc@16     00407038     kernel32:KERNEL32.dll
 0002:0000003c       __imp__ExitProcess@4       0040703c     kernel32:KERNEL32.dll
 0002:00000040       \177KERNEL32_NULL_THUNK_DATA 00407040     kernel32:KERNEL32.dll
 0002:00000044       __imp__GetAsyncKeyState@4  00407044     user32:USER32.dll
 0002:00000048       __imp__GetKeyState@4       00407048     user32:USER32.dll
 0002:0000004c       __imp__MapVirtualKeyA@8    0040704c     user32:USER32.dll
 0002:00000050       __imp__RegisterClassExA@4  00407050     user32:USER32.dll
 0002:00000054       __imp__CreateWindowExA@48  00407054     user32:USER32.dll
 0002:00000058       __imp__ShowWindow@8        00407058     user32:USER32.dll
 0002:0000005c       __imp__UpdateWindow@4      0040705c     user32:USER32.dll
 0002:00000060       __imp__DefWindowProcA@16   00407060     user32:USER32.dll
 0002:00000064       __imp__GetDC@4             00407064     user32:USER32.dll
 0002:00000068       __imp__LoadIconA@8         00407068     user32:USER32.dll
 0002:0000006c       __imp__LoadCursorA@8       0040706c     user32:USER32.dll
 0002:00000070       __imp__BeginPaint@8        00407070     user32:USER32.dll
 0002:00000074       __imp__EndPaint@8          00407074     user32:USER32.dll
 0002:00000078       __imp__InvalidateRect@12   00407078     user32:USER32.dll
 0002:0000007c       __imp__GetMessageA@16      0040707c     user32:USER32.dll
 0002:00000080       __imp__TranslateMessage@4  00407080     user32:USER32.dll
 0002:00000084       __imp__DispatchMessageA@4  00407084     user32:USER32.dll
 0002:00000088       \177USER32_NULL_THUNK_DATA 00407088     user32:USER32.dll
 0002:000000ac       __IMPORT_DESCRIPTOR_KERNEL32 004070ac     kernel32:KERNEL32.dll
 0002:000000c0       __IMPORT_DESCRIPTOR_GDI32  004070c0     gdi32:GDI32.dll
 0002:000000d4       __IMPORT_DESCRIPTOR_USER32 004070d4     user32:USER32.dll
 0002:000000e8       __NULL_IMPORT_DESCRIPTOR   004070e8     kernel32:KERNEL32.dll

 entry point at        0001:00000532

 Static symbols

 0001:00000000       _$$$00001@0                00401000 f   color.obj
 0001:0000020c       _$$$00003@0                0040120c f   color.obj
